---
http_interactions:
- request:
    method: post
    uri: https://api.stripe.com/v1/customers
    body:
      encoding: US-ASCII
      string: card[number]=4242424242424242&card[exp_month]=12&card[exp_year]=30&card[cvc]=222&metadata[country_code]=NL&metadata[vat_registered]=false&metadata[name]=John%20Doe&metadata[vat_number]=NL1234&metadata[address]=Doestreet
    headers:
      Accept:
      - "*/*; q=0.5, application/xml"
      Accept-Encoding:
      - gzip, deflate
      User-Agent:
      - Stripe/v1 RubyBindings/1.14.0
      Authorization:
      - "<AUTH>"
      Content-Type:
      - application/x-www-form-urlencoded
      X-Stripe-Client-User-Agent:
      - '{"bindings_version":"1.14.0","lang":"ruby","lang_version":"2.1.1 p76 (2014-02-24)","platform":"x86_64-darwin13.0","publisher":"stripe","uname":"Darwin
        Mattiass-MacBook-Air.local 13.0.0 Darwin Kernel Version 13.0.0: Thu Sep 19
        22:22:27 PDT 2013; root:xnu-2422.1.72~6/RELEASE_X86_64 x86_64"}'
      Content-Length:
      - '219'
  response:
    status:
      code: 200
      message: OK
    headers:
      Server:
      - nginx
      Date:
      - Tue, 30 Sep 2014 14:36:02 GMT
      Content-Type:
      - application/json;charset=utf-8
      Content-Length:
      - '1457'
      Access-Control-Allow-Credentials:
      - 'true'
      Access-Control-Allow-Methods:
      - GET, POST, HEAD, OPTIONS, DELETE
      Access-Control-Max-Age:
      - '300'
      Cache-Control:
      - no-cache, no-store
      Stripe-Version:
      - '2014-03-13'
      Strict-Transport-Security:
      - max-age=31556926; includeSubDomains
    body:
      encoding: UTF-8
      string: |
        {
          "object": "customer",
          "created": 1412087762,
          "id": "cus_4sC7BDs1GP3SHR",
          "livemode": false,
          "description": null,
          "email": null,
          "delinquent": false,
          "metadata": {
            "country_code": "NL",
            "vat_registered": "false",
            "name": "John Doe",
            "vat_number": "NL1234",
            "address": "Doestreet"
          },
          "subscriptions": {
            "object": "list",
            "total_count": 0,
            "has_more": false,
            "url": "/v1/customers/cus_4sC7BDs1GP3SHR/subscriptions",
            "data": [],
            "count": 0
          },
          "discount": null,
          "account_balance": 0,
          "currency": null,
          "cards": {
            "object": "list",
            "total_count": 1,
            "has_more": false,
            "url": "/v1/customers/cus_4sC7BDs1GP3SHR/cards",
            "data": [
              {
                "id": "card_14iRjS2nHroS7mLXs45SQVXF",
                "object": "card",
                "last4": "4242",
                "brand": "Visa",
                "funding": "credit",
                "exp_month": 12,
                "exp_year": 2030,
                "fingerprint": "0K7oMWAQAFG7TEob",
                "country": "US",
                "name": null,
                "address_line1": null,
                "address_line2": null,
                "address_city": null,
                "address_state": null,
                "address_zip": null,
                "address_country": null,
                "cvc_check": "pass",
                "address_line1_check": null,
                "address_zip_check": null,
                "customer": "cus_4sC7BDs1GP3SHR",
                "type": "Visa"
              }
            ],
            "count": 1
          },
          "default_card": "card_14iRjS2nHroS7mLXs45SQVXF"
        }
    http_version: 
  recorded_at: Tue, 30 Sep 2014 14:36:02 GMT
- request:
    method: get
    uri: https://api.stripe.com/v1/plans/test
    body:
      encoding: US-ASCII
      string: ''
    headers:
      Accept:
      - "*/*; q=0.5, application/xml"
      Accept-Encoding:
      - gzip, deflate
      User-Agent:
      - Stripe/v1 RubyBindings/1.14.0
      Authorization:
      - "<AUTH>"
      Content-Type:
      - application/x-www-form-urlencoded
      X-Stripe-Client-User-Agent:
      - '{"bindings_version":"1.14.0","lang":"ruby","lang_version":"2.1.1 p76 (2014-02-24)","platform":"x86_64-darwin13.0","publisher":"stripe","uname":"Darwin
        Mattiass-MacBook-Air.local 13.0.0 Darwin Kernel Version 13.0.0: Thu Sep 19
        22:22:27 PDT 2013; root:xnu-2422.1.72~6/RELEASE_X86_64 x86_64"}'
  response:
    status:
      code: 200
      message: OK
    headers:
      Server:
      - nginx
      Date:
      - Tue, 30 Sep 2014 14:36:03 GMT
      Content-Type:
      - application/json;charset=utf-8
      Content-Length:
      - '273'
      Access-Control-Allow-Credentials:
      - 'true'
      Access-Control-Allow-Methods:
      - GET, POST, HEAD, OPTIONS, DELETE
      Access-Control-Max-Age:
      - '300'
      Cache-Control:
      - no-cache, no-store
      Stripe-Version:
      - '2014-03-13'
      Strict-Transport-Security:
      - max-age=31556926; includeSubDomains
    body:
      encoding: UTF-8
      string: |
        {
          "interval": "month",
          "name": "Test Plan",
          "created": 1406556583,
          "amount": 1499,
          "currency": "usd",
          "id": "test",
          "object": "plan",
          "livemode": false,
          "interval_count": 1,
          "trial_period_days": null,
          "metadata": {},
          "statement_description": null
        }
    http_version: 
  recorded_at: Tue, 30 Sep 2014 14:36:03 GMT
- request:
    method: get
    uri: https://api.stripe.com/v1/coupons/25OFF
    body:
      encoding: US-ASCII
      string: ''
    headers:
      Accept:
      - "*/*; q=0.5, application/xml"
      Accept-Encoding:
      - gzip, deflate
      User-Agent:
      - Stripe/v1 RubyBindings/1.14.0
      Authorization:
      - "<AUTH>"
      Content-Type:
      - application/x-www-form-urlencoded
      X-Stripe-Client-User-Agent:
      - '{"bindings_version":"1.14.0","lang":"ruby","lang_version":"2.1.1 p76 (2014-02-24)","platform":"x86_64-darwin13.0","publisher":"stripe","uname":"Darwin
        Mattiass-MacBook-Air.local 13.0.0 Darwin Kernel Version 13.0.0: Thu Sep 19
        22:22:27 PDT 2013; root:xnu-2422.1.72~6/RELEASE_X86_64 x86_64"}'
  response:
    status:
      code: 200
      message: OK
    headers:
      Server:
      - nginx
      Date:
      - Tue, 30 Sep 2014 14:36:04 GMT
      Content-Type:
      - application/json;charset=utf-8
      Content-Length:
      - '312'
      Access-Control-Allow-Credentials:
      - 'true'
      Access-Control-Allow-Methods:
      - GET, POST, HEAD, OPTIONS, DELETE
      Access-Control-Max-Age:
      - '300'
      Cache-Control:
      - no-cache, no-store
      Stripe-Version:
      - '2014-03-13'
      Strict-Transport-Security:
      - max-age=31556926; includeSubDomains
    body:
      encoding: UTF-8
      string: |
        {
          "id": "25OFF",
          "created": 1410521489,
          "percent_off": 25,
          "amount_off": null,
          "currency": null,
          "object": "coupon",
          "livemode": false,
          "duration": "repeating",
          "redeem_by": null,
          "max_redemptions": null,
          "times_redeemed": 72,
          "duration_in_months": 3,
          "valid": true,
          "metadata": {}
        }
    http_version: 
  recorded_at: Tue, 30 Sep 2014 14:36:04 GMT
- request:
    method: get
    uri: https://api.stripe.com/v1/plans/test
    body:
      encoding: US-ASCII
      string: ''
    headers:
      Accept:
      - "*/*; q=0.5, application/xml"
      Accept-Encoding:
      - gzip, deflate
      User-Agent:
      - Stripe/v1 RubyBindings/1.14.0
      Authorization:
      - "<AUTH>"
      Content-Type:
      - application/x-www-form-urlencoded
      X-Stripe-Client-User-Agent:
      - '{"bindings_version":"1.14.0","lang":"ruby","lang_version":"2.1.1 p76 (2014-02-24)","platform":"x86_64-darwin13.0","publisher":"stripe","uname":"Darwin
        Mattiass-MacBook-Air.local 13.0.0 Darwin Kernel Version 13.0.0: Thu Sep 19
        22:22:27 PDT 2013; root:xnu-2422.1.72~6/RELEASE_X86_64 x86_64"}'
  response:
    status:
      code: 200
      message: OK
    headers:
      Server:
      - nginx
      Date:
      - Tue, 30 Sep 2014 14:36:05 GMT
      Content-Type:
      - application/json;charset=utf-8
      Content-Length:
      - '273'
      Access-Control-Allow-Credentials:
      - 'true'
      Access-Control-Allow-Methods:
      - GET, POST, HEAD, OPTIONS, DELETE
      Access-Control-Max-Age:
      - '300'
      Cache-Control:
      - no-cache, no-store
      Stripe-Version:
      - '2014-03-13'
      Strict-Transport-Security:
      - max-age=31556926; includeSubDomains
    body:
      encoding: UTF-8
      string: |
        {
          "interval": "month",
          "name": "Test Plan",
          "created": 1406556583,
          "amount": 1499,
          "currency": "usd",
          "id": "test",
          "object": "plan",
          "livemode": false,
          "interval_count": 1,
          "trial_period_days": null,
          "metadata": {},
          "statement_description": null
        }
    http_version: 
  recorded_at: Tue, 30 Sep 2014 14:36:04 GMT
- request:
    method: get
    uri: https://api.stripe.com/v1/customers/cus_4sC7BDs1GP3SHR
    body:
      encoding: US-ASCII
      string: ''
    headers:
      Accept:
      - "*/*; q=0.5, application/xml"
      Accept-Encoding:
      - gzip, deflate
      User-Agent:
      - Stripe/v1 RubyBindings/1.14.0
      Authorization:
      - "<AUTH>"
      Content-Type:
      - application/x-www-form-urlencoded
      X-Stripe-Client-User-Agent:
      - '{"bindings_version":"1.14.0","lang":"ruby","lang_version":"2.1.1 p76 (2014-02-24)","platform":"x86_64-darwin13.0","publisher":"stripe","uname":"Darwin
        Mattiass-MacBook-Air.local 13.0.0 Darwin Kernel Version 13.0.0: Thu Sep 19
        22:22:27 PDT 2013; root:xnu-2422.1.72~6/RELEASE_X86_64 x86_64"}'
  response:
    status:
      code: 200
      message: OK
    headers:
      Server:
      - nginx
      Date:
      - Tue, 30 Sep 2014 14:36:05 GMT
      Content-Type:
      - application/json;charset=utf-8
      Content-Length:
      - '1457'
      Access-Control-Allow-Credentials:
      - 'true'
      Access-Control-Allow-Methods:
      - GET, POST, HEAD, OPTIONS, DELETE
      Access-Control-Max-Age:
      - '300'
      Cache-Control:
      - no-cache, no-store
      Stripe-Version:
      - '2014-03-13'
      Strict-Transport-Security:
      - max-age=31556926; includeSubDomains
    body:
      encoding: UTF-8
      string: |
        {
          "object": "customer",
          "created": 1412087762,
          "id": "cus_4sC7BDs1GP3SHR",
          "livemode": false,
          "description": null,
          "email": null,
          "delinquent": false,
          "metadata": {
            "country_code": "NL",
            "vat_registered": "false",
            "name": "John Doe",
            "vat_number": "NL1234",
            "address": "Doestreet"
          },
          "subscriptions": {
            "object": "list",
            "total_count": 0,
            "has_more": false,
            "url": "/v1/customers/cus_4sC7BDs1GP3SHR/subscriptions",
            "data": [],
            "count": 0
          },
          "discount": null,
          "account_balance": 0,
          "currency": null,
          "cards": {
            "object": "list",
            "total_count": 1,
            "has_more": false,
            "url": "/v1/customers/cus_4sC7BDs1GP3SHR/cards",
            "data": [
              {
                "id": "card_14iRjS2nHroS7mLXs45SQVXF",
                "object": "card",
                "last4": "4242",
                "brand": "Visa",
                "funding": "credit",
                "exp_month": 12,
                "exp_year": 2030,
                "fingerprint": "0K7oMWAQAFG7TEob",
                "country": "US",
                "name": null,
                "address_line1": null,
                "address_line2": null,
                "address_city": null,
                "address_state": null,
                "address_zip": null,
                "address_country": null,
                "cvc_check": "pass",
                "address_line1_check": null,
                "address_zip_check": null,
                "customer": "cus_4sC7BDs1GP3SHR",
                "type": "Visa"
              }
            ],
            "count": 1
          },
          "default_card": "card_14iRjS2nHroS7mLXs45SQVXF"
        }
    http_version: 
  recorded_at: Tue, 30 Sep 2014 14:36:05 GMT
- request:
    method: post
    uri: https://api.stripe.com/v1/invoiceitems
    body:
      encoding: US-ASCII
      string: customer=cus_4sC7BDs1GP3SHR&amount=315&currency=usd&description=VAT%20(21%25)&metadata[type]=vat&metadata[amount]=315&metadata[rate]=21
    headers:
      Accept:
      - "*/*; q=0.5, application/xml"
      Accept-Encoding:
      - gzip, deflate
      User-Agent:
      - Stripe/v1 RubyBindings/1.14.0
      Authorization:
      - "<AUTH>"
      Content-Type:
      - application/x-www-form-urlencoded
      X-Stripe-Client-User-Agent:
      - '{"bindings_version":"1.14.0","lang":"ruby","lang_version":"2.1.1 p76 (2014-02-24)","platform":"x86_64-darwin13.0","publisher":"stripe","uname":"Darwin
        Mattiass-MacBook-Air.local 13.0.0 Darwin Kernel Version 13.0.0: Thu Sep 19
        22:22:27 PDT 2013; root:xnu-2422.1.72~6/RELEASE_X86_64 x86_64"}'
      Content-Length:
      - '135'
  response:
    status:
      code: 200
      message: OK
    headers:
      Server:
      - nginx
      Date:
      - Tue, 30 Sep 2014 14:36:06 GMT
      Content-Type:
      - application/json;charset=utf-8
      Content-Length:
      - '359'
      Access-Control-Allow-Credentials:
      - 'true'
      Access-Control-Allow-Methods:
      - GET, POST, HEAD, OPTIONS, DELETE
      Access-Control-Max-Age:
      - '300'
      Cache-Control:
      - no-cache, no-store
      Stripe-Version:
      - '2014-03-13'
      Strict-Transport-Security:
      - max-age=31556926; includeSubDomains
    body:
      encoding: UTF-8
      string: |
        {
          "object": "invoiceitem",
          "id": "ii_14iRjW2nHroS7mLX64EdrYbu",
          "date": 1412087766,
          "amount": 315,
          "livemode": false,
          "proration": false,
          "currency": "usd",
          "customer": "cus_4sC7BDs1GP3SHR",
          "description": "VAT (21%)",
          "metadata": {
            "type": "vat",
            "amount": "315",
            "rate": "21"
          },
          "invoice": null,
          "subscription": null
        }
    http_version: 
  recorded_at: Tue, 30 Sep 2014 14:36:06 GMT
- request:
    method: post
    uri: https://api.stripe.com/v1/customers/cus_4sC7BDs1GP3SHR/subscriptions
    body:
      encoding: US-ASCII
      string: plan=test&coupon=25OFF
    headers:
      Accept:
      - "*/*; q=0.5, application/xml"
      Accept-Encoding:
      - gzip, deflate
      User-Agent:
      - Stripe/v1 RubyBindings/1.14.0
      Authorization:
      - "<AUTH>"
      Content-Type:
      - application/x-www-form-urlencoded
      X-Stripe-Client-User-Agent:
      - '{"bindings_version":"1.14.0","lang":"ruby","lang_version":"2.1.1 p76 (2014-02-24)","platform":"x86_64-darwin13.0","publisher":"stripe","uname":"Darwin
        Mattiass-MacBook-Air.local 13.0.0 Darwin Kernel Version 13.0.0: Thu Sep 19
        22:22:27 PDT 2013; root:xnu-2422.1.72~6/RELEASE_X86_64 x86_64"}'
      Content-Length:
      - '22'
  response:
    status:
      code: 200
      message: OK
    headers:
      Server:
      - nginx
      Date:
      - Tue, 30 Sep 2014 14:36:08 GMT
      Content-Type:
      - application/json;charset=utf-8
      Content-Length:
      - '1277'
      Access-Control-Allow-Credentials:
      - 'true'
      Access-Control-Allow-Methods:
      - GET, POST, HEAD, OPTIONS, DELETE
      Access-Control-Max-Age:
      - '300'
      Cache-Control:
      - no-cache, no-store
      Stripe-Version:
      - '2014-03-13'
      Strict-Transport-Security:
      - max-age=31556926; includeSubDomains
    body:
      encoding: UTF-8
      string: |
        {
          "id": "sub_4sC78EU76j7gT6",
          "plan": {
            "interval": "month",
            "name": "Test Plan",
            "created": 1406556583,
            "amount": 1499,
            "currency": "usd",
            "id": "test",
            "object": "plan",
            "livemode": false,
            "interval_count": 1,
            "trial_period_days": null,
            "metadata": {},
            "statement_description": null
          },
          "object": "subscription",
          "start": 1412087767,
          "status": "active",
          "customer": "cus_4sC7BDs1GP3SHR",
          "cancel_at_period_end": false,
          "current_period_start": 1412087767,
          "current_period_end": 1414679767,
          "ended_at": null,
          "trial_start": null,
          "trial_end": null,
          "canceled_at": null,
          "quantity": 1,
          "application_fee_percent": null,
          "discount": {
            "coupon": {
              "id": "25OFF",
              "created": 1410521489,
              "percent_off": 25,
              "amount_off": null,
              "currency": null,
              "object": "coupon",
              "livemode": false,
              "duration": "repeating",
              "redeem_by": null,
              "max_redemptions": null,
              "times_redeemed": 73,
              "duration_in_months": 3,
              "valid": true,
              "metadata": {}
            },
            "start": 1412087767,
            "object": "discount",
            "customer": "cus_4sC7BDs1GP3SHR",
            "subscription": "sub_4sC78EU76j7gT6",
            "end": 1419950167
          },
          "metadata": {}
        }
    http_version: 
  recorded_at: Tue, 30 Sep 2014 14:36:08 GMT
- request:
    method: get
    uri: https://api.stripe.com/v1/invoices?customer=cus_4sC7BDs1GP3SHR&limit=1
    body:
      encoding: US-ASCII
      string: ''
    headers:
      Accept:
      - "*/*; q=0.5, application/xml"
      Accept-Encoding:
      - gzip, deflate
      User-Agent:
      - Stripe/v1 RubyBindings/1.14.0
      Authorization:
      - "<AUTH>"
      Content-Type:
      - application/x-www-form-urlencoded
      X-Stripe-Client-User-Agent:
      - '{"bindings_version":"1.14.0","lang":"ruby","lang_version":"2.1.1 p76 (2014-02-24)","platform":"x86_64-darwin13.0","publisher":"stripe","uname":"Darwin
        Mattiass-MacBook-Air.local 13.0.0 Darwin Kernel Version 13.0.0: Thu Sep 19
        22:22:27 PDT 2013; root:xnu-2422.1.72~6/RELEASE_X86_64 x86_64"}'
  response:
    status:
      code: 200
      message: OK
    headers:
      Server:
      - nginx
      Date:
      - Tue, 30 Sep 2014 14:36:09 GMT
      Content-Type:
      - application/json;charset=utf-8
      Content-Length:
      - '3260'
      Access-Control-Allow-Credentials:
      - 'true'
      Access-Control-Allow-Methods:
      - GET, POST, HEAD, OPTIONS, DELETE
      Access-Control-Max-Age:
      - '300'
      Cache-Control:
      - no-cache, no-store
      Stripe-Version:
      - '2014-03-13'
      Strict-Transport-Security:
      - max-age=31556926; includeSubDomains
    body:
      encoding: UTF-8
      string: |
        {
          "object": "list",
          "has_more": false,
          "url": "/v1/invoices",
          "data": [
            {
              "date": 1412087767,
              "id": "in_14iRjX2nHroS7mLXcixSEqqC",
              "period_start": 1412087767,
              "period_end": 1412087767,
              "lines": {
                "object": "list",
                "total_count": 2,
                "has_more": false,
                "url": "/v1/invoices/in_14iRjX2nHroS7mLXcixSEqqC/lines",
                "data": [
                  {
                    "id": "ii_14iRjW2nHroS7mLX64EdrYbu",
                    "object": "line_item",
                    "type": "invoiceitem",
                    "livemode": false,
                    "amount": 315,
                    "currency": "usd",
                    "proration": false,
                    "period": {
                      "start": 1412087766,
                      "end": 1412087766
                    },
                    "quantity": null,
                    "plan": null,
                    "description": "VAT (21%)",
                    "metadata": {
                      "type": "vat",
                      "amount": "315",
                      "rate": "21"
                    }
                  },
                  {
                    "id": "sub_4sC78EU76j7gT6",
                    "object": "line_item",
                    "type": "subscription",
                    "livemode": false,
                    "amount": 1499,
                    "currency": "usd",
                    "proration": false,
                    "period": {
                      "start": 1412087767,
                      "end": 1414679767
                    },
                    "quantity": 1,
                    "plan": {
                      "interval": "month",
                      "name": "Test Plan",
                      "created": 1406556583,
                      "amount": 1499,
                      "currency": "usd",
                      "id": "test",
                      "object": "plan",
                      "livemode": false,
                      "interval_count": 1,
                      "trial_period_days": null,
                      "metadata": {},
                      "statement_description": null
                    },
                    "description": null,
                    "metadata": {}
                  }
                ],
                "count": 2
              },
              "subtotal": 1814,
              "total": 1360,
              "customer": "cus_4sC7BDs1GP3SHR",
              "object": "invoice",
              "attempted": true,
              "closed": true,
              "forgiven": false,
              "paid": true,
              "livemode": false,
              "attempt_count": 1,
              "amount_due": 1360,
              "currency": "usd",
              "starting_balance": 0,
              "ending_balance": 0,
              "next_payment_attempt": null,
              "webhooks_delivered_at": 1412087767,
              "charge": "ch_14iRjX2nHroS7mLXcZPTyKw5",
              "discount": {
                "coupon": {
                  "id": "25OFF",
                  "created": 1410521489,
                  "percent_off": 25,
                  "amount_off": null,
                  "currency": null,
                  "object": "coupon",
                  "livemode": false,
                  "duration": "repeating",
                  "redeem_by": null,
                  "max_redemptions": null,
                  "times_redeemed": 73,
                  "duration_in_months": 3,
                  "valid": true,
                  "metadata": {}
                },
                "start": 1412087767,
                "object": "discount",
                "customer": "cus_4sC7BDs1GP3SHR",
                "subscription": "sub_4sC78EU76j7gT6",
                "end": 1419950167
              },
              "application_fee": null,
              "subscription": "sub_4sC78EU76j7gT6",
              "metadata": {},
              "statement_description": null,
              "description": null
            }
          ],
          "count": 1
        }
    http_version: 
  recorded_at: Tue, 30 Sep 2014 14:36:09 GMT
- request:
    method: get
    uri: https://api.stripe.com/v1/invoices?customer=cus_4sC7BDs1GP3SHR
    body:
      encoding: US-ASCII
      string: ''
    headers:
      Accept:
      - "*/*; q=0.5, application/xml"
      Accept-Encoding:
      - gzip, deflate
      User-Agent:
      - Stripe/v1 RubyBindings/1.14.0
      Authorization:
      - "<AUTH>"
      Content-Type:
      - application/x-www-form-urlencoded
      X-Stripe-Client-User-Agent:
      - '{"bindings_version":"1.14.0","lang":"ruby","lang_version":"2.1.1 p76 (2014-02-24)","platform":"x86_64-darwin13.0","publisher":"stripe","uname":"Darwin
        Mattiass-MacBook-Air.local 13.0.0 Darwin Kernel Version 13.0.0: Thu Sep 19
        22:22:27 PDT 2013; root:xnu-2422.1.72~6/RELEASE_X86_64 x86_64"}'
  response:
    status:
      code: 200
      message: OK
    headers:
      Server:
      - nginx
      Date:
      - Tue, 30 Sep 2014 14:36:09 GMT
      Content-Type:
      - application/json;charset=utf-8
      Content-Length:
      - '3260'
      Access-Control-Allow-Credentials:
      - 'true'
      Access-Control-Allow-Methods:
      - GET, POST, HEAD, OPTIONS, DELETE
      Access-Control-Max-Age:
      - '300'
      Cache-Control:
      - no-cache, no-store
      Stripe-Version:
      - '2014-03-13'
      Strict-Transport-Security:
      - max-age=31556926; includeSubDomains
    body:
      encoding: UTF-8
      string: |
        {
          "object": "list",
          "has_more": false,
          "url": "/v1/invoices",
          "data": [
            {
              "date": 1412087767,
              "id": "in_14iRjX2nHroS7mLXcixSEqqC",
              "period_start": 1412087767,
              "period_end": 1412087767,
              "lines": {
                "object": "list",
                "total_count": 2,
                "has_more": false,
                "url": "/v1/invoices/in_14iRjX2nHroS7mLXcixSEqqC/lines",
                "data": [
                  {
                    "id": "ii_14iRjW2nHroS7mLX64EdrYbu",
                    "object": "line_item",
                    "type": "invoiceitem",
                    "livemode": false,
                    "amount": 315,
                    "currency": "usd",
                    "proration": false,
                    "period": {
                      "start": 1412087766,
                      "end": 1412087766
                    },
                    "quantity": null,
                    "plan": null,
                    "description": "VAT (21%)",
                    "metadata": {
                      "type": "vat",
                      "amount": "315",
                      "rate": "21"
                    }
                  },
                  {
                    "id": "sub_4sC78EU76j7gT6",
                    "object": "line_item",
                    "type": "subscription",
                    "livemode": false,
                    "amount": 1499,
                    "currency": "usd",
                    "proration": false,
                    "period": {
                      "start": 1412087767,
                      "end": 1414679767
                    },
                    "quantity": 1,
                    "plan": {
                      "interval": "month",
                      "name": "Test Plan",
                      "created": 1406556583,
                      "amount": 1499,
                      "currency": "usd",
                      "id": "test",
                      "object": "plan",
                      "livemode": false,
                      "interval_count": 1,
                      "trial_period_days": null,
                      "metadata": {},
                      "statement_description": null
                    },
                    "description": null,
                    "metadata": {}
                  }
                ],
                "count": 2
              },
              "subtotal": 1814,
              "total": 1360,
              "customer": "cus_4sC7BDs1GP3SHR",
              "object": "invoice",
              "attempted": true,
              "closed": true,
              "forgiven": false,
              "paid": true,
              "livemode": false,
              "attempt_count": 1,
              "amount_due": 1360,
              "currency": "usd",
              "starting_balance": 0,
              "ending_balance": 0,
              "next_payment_attempt": null,
              "webhooks_delivered_at": 1412087767,
              "charge": "ch_14iRjX2nHroS7mLXcZPTyKw5",
              "discount": {
                "coupon": {
                  "id": "25OFF",
                  "created": 1410521489,
                  "percent_off": 25,
                  "amount_off": null,
                  "currency": null,
                  "object": "coupon",
                  "livemode": false,
                  "duration": "repeating",
                  "redeem_by": null,
                  "max_redemptions": null,
                  "times_redeemed": 73,
                  "duration_in_months": 3,
                  "valid": true,
                  "metadata": {}
                },
                "start": 1412087767,
                "object": "discount",
                "customer": "cus_4sC7BDs1GP3SHR",
                "subscription": "sub_4sC78EU76j7gT6",
                "end": 1419950167
              },
              "application_fee": null,
              "subscription": "sub_4sC78EU76j7gT6",
              "metadata": {},
              "statement_description": null,
              "description": null
            }
          ],
          "count": 1
        }
    http_version: 
  recorded_at: Tue, 30 Sep 2014 14:36:09 GMT
- request:
    method: get
    uri: https://api.stripe.com/v1/invoices/in_14iRjX2nHroS7mLXcixSEqqC
    body:
      encoding: US-ASCII
      string: ''
    headers:
      Accept:
      - "*/*; q=0.5, application/xml"
      Accept-Encoding:
      - gzip, deflate
      User-Agent:
      - Stripe/v1 RubyBindings/1.14.0
      Authorization:
      - "<AUTH>"
      Content-Type:
      - application/x-www-form-urlencoded
      X-Stripe-Client-User-Agent:
      - '{"bindings_version":"1.14.0","lang":"ruby","lang_version":"2.1.1 p76 (2014-02-24)","platform":"x86_64-darwin13.0","publisher":"stripe","uname":"Darwin
        Mattiass-MacBook-Air.local 13.0.0 Darwin Kernel Version 13.0.0: Thu Sep 19
        22:22:27 PDT 2013; root:xnu-2422.1.72~6/RELEASE_X86_64 x86_64"}'
  response:
    status:
      code: 200
      message: OK
    headers:
      Server:
      - nginx
      Date:
      - Tue, 30 Sep 2014 14:36:10 GMT
      Content-Type:
      - application/json;charset=utf-8
      Content-Length:
      - '2716'
      Access-Control-Allow-Credentials:
      - 'true'
      Access-Control-Allow-Methods:
      - GET, POST, HEAD, OPTIONS, DELETE
      Access-Control-Max-Age:
      - '300'
      Cache-Control:
      - no-cache, no-store
      Stripe-Version:
      - '2014-03-13'
      Strict-Transport-Security:
      - max-age=31556926; includeSubDomains
    body:
      encoding: UTF-8
      string: |
        {
          "date": 1412087767,
          "id": "in_14iRjX2nHroS7mLXcixSEqqC",
          "period_start": 1412087767,
          "period_end": 1412087767,
          "lines": {
            "object": "list",
            "total_count": 2,
            "has_more": false,
            "url": "/v1/invoices/in_14iRjX2nHroS7mLXcixSEqqC/lines",
            "data": [
              {
                "id": "ii_14iRjW2nHroS7mLX64EdrYbu",
                "object": "line_item",
                "type": "invoiceitem",
                "livemode": false,
                "amount": 315,
                "currency": "usd",
                "proration": false,
                "period": {
                  "start": 1412087766,
                  "end": 1412087766
                },
                "quantity": null,
                "plan": null,
                "description": "VAT (21%)",
                "metadata": {
                  "type": "vat",
                  "amount": "315",
                  "rate": "21"
                }
              },
              {
                "id": "sub_4sC78EU76j7gT6",
                "object": "line_item",
                "type": "subscription",
                "livemode": false,
                "amount": 1499,
                "currency": "usd",
                "proration": false,
                "period": {
                  "start": 1412087767,
                  "end": 1414679767
                },
                "quantity": 1,
                "plan": {
                  "interval": "month",
                  "name": "Test Plan",
                  "created": 1406556583,
                  "amount": 1499,
                  "currency": "usd",
                  "id": "test",
                  "object": "plan",
                  "livemode": false,
                  "interval_count": 1,
                  "trial_period_days": null,
                  "metadata": {},
                  "statement_description": null
                },
                "description": null,
                "metadata": {}
              }
            ],
            "count": 2
          },
          "subtotal": 1814,
          "total": 1360,
          "customer": "cus_4sC7BDs1GP3SHR",
          "object": "invoice",
          "attempted": true,
          "closed": true,
          "forgiven": false,
          "paid": true,
          "livemode": false,
          "attempt_count": 1,
          "amount_due": 1360,
          "currency": "usd",
          "starting_balance": 0,
          "ending_balance": 0,
          "next_payment_attempt": null,
          "webhooks_delivered_at": 1412087767,
          "charge": "ch_14iRjX2nHroS7mLXcZPTyKw5",
          "discount": {
            "coupon": {
              "id": "25OFF",
              "created": 1410521489,
              "percent_off": 25,
              "amount_off": null,
              "currency": null,
              "object": "coupon",
              "livemode": false,
              "duration": "repeating",
              "redeem_by": null,
              "max_redemptions": null,
              "times_redeemed": 73,
              "duration_in_months": 3,
              "valid": true,
              "metadata": {}
            },
            "start": 1412087767,
            "object": "discount",
            "customer": "cus_4sC7BDs1GP3SHR",
            "subscription": "sub_4sC78EU76j7gT6",
            "end": 1419950167
          },
          "application_fee": null,
          "subscription": "sub_4sC78EU76j7gT6",
          "metadata": {},
          "statement_description": null,
          "description": null
        }
    http_version: 
  recorded_at: Tue, 30 Sep 2014 14:36:10 GMT
- request:
    method: get
    uri: https://api.stripe.com/v1/invoices/in_14iRjX2nHroS7mLXcixSEqqC
    body:
      encoding: US-ASCII
      string: ''
    headers:
      Accept:
      - "*/*; q=0.5, application/xml"
      Accept-Encoding:
      - gzip, deflate
      User-Agent:
      - Stripe/v1 RubyBindings/1.14.0
      Authorization:
      - "<AUTH>"
      Content-Type:
      - application/x-www-form-urlencoded
      X-Stripe-Client-User-Agent:
      - '{"bindings_version":"1.14.0","lang":"ruby","lang_version":"2.1.1 p76 (2014-02-24)","platform":"x86_64-darwin13.0","publisher":"stripe","uname":"Darwin
        Mattiass-MacBook-Air.local 13.0.0 Darwin Kernel Version 13.0.0: Thu Sep 19
        22:22:27 PDT 2013; root:xnu-2422.1.72~6/RELEASE_X86_64 x86_64"}'
  response:
    status:
      code: 200
      message: OK
    headers:
      Server:
      - nginx
      Date:
      - Tue, 30 Sep 2014 14:36:11 GMT
      Content-Type:
      - application/json;charset=utf-8
      Content-Length:
      - '2716'
      Access-Control-Allow-Credentials:
      - 'true'
      Access-Control-Allow-Methods:
      - GET, POST, HEAD, OPTIONS, DELETE
      Access-Control-Max-Age:
      - '300'
      Cache-Control:
      - no-cache, no-store
      Stripe-Version:
      - '2014-03-13'
      Strict-Transport-Security:
      - max-age=31556926; includeSubDomains
    body:
      encoding: UTF-8
      string: |
        {
          "date": 1412087767,
          "id": "in_14iRjX2nHroS7mLXcixSEqqC",
          "period_start": 1412087767,
          "period_end": 1412087767,
          "lines": {
            "object": "list",
            "total_count": 2,
            "has_more": false,
            "url": "/v1/invoices/in_14iRjX2nHroS7mLXcixSEqqC/lines",
            "data": [
              {
                "id": "ii_14iRjW2nHroS7mLX64EdrYbu",
                "object": "line_item",
                "type": "invoiceitem",
                "livemode": false,
                "amount": 315,
                "currency": "usd",
                "proration": false,
                "period": {
                  "start": 1412087766,
                  "end": 1412087766
                },
                "quantity": null,
                "plan": null,
                "description": "VAT (21%)",
                "metadata": {
                  "type": "vat",
                  "amount": "315",
                  "rate": "21"
                }
              },
              {
                "id": "sub_4sC78EU76j7gT6",
                "object": "line_item",
                "type": "subscription",
                "livemode": false,
                "amount": 1499,
                "currency": "usd",
                "proration": false,
                "period": {
                  "start": 1412087767,
                  "end": 1414679767
                },
                "quantity": 1,
                "plan": {
                  "interval": "month",
                  "name": "Test Plan",
                  "created": 1406556583,
                  "amount": 1499,
                  "currency": "usd",
                  "id": "test",
                  "object": "plan",
                  "livemode": false,
                  "interval_count": 1,
                  "trial_period_days": null,
                  "metadata": {},
                  "statement_description": null
                },
                "description": null,
                "metadata": {}
              }
            ],
            "count": 2
          },
          "subtotal": 1814,
          "total": 1360,
          "customer": "cus_4sC7BDs1GP3SHR",
          "object": "invoice",
          "attempted": true,
          "closed": true,
          "forgiven": false,
          "paid": true,
          "livemode": false,
          "attempt_count": 1,
          "amount_due": 1360,
          "currency": "usd",
          "starting_balance": 0,
          "ending_balance": 0,
          "next_payment_attempt": null,
          "webhooks_delivered_at": 1412087767,
          "charge": "ch_14iRjX2nHroS7mLXcZPTyKw5",
          "discount": {
            "coupon": {
              "id": "25OFF",
              "created": 1410521489,
              "percent_off": 25,
              "amount_off": null,
              "currency": null,
              "object": "coupon",
              "livemode": false,
              "duration": "repeating",
              "redeem_by": null,
              "max_redemptions": null,
              "times_redeemed": 73,
              "duration_in_months": 3,
              "valid": true,
              "metadata": {}
            },
            "start": 1412087767,
            "object": "discount",
            "customer": "cus_4sC7BDs1GP3SHR",
            "subscription": "sub_4sC78EU76j7gT6",
            "end": 1419950167
          },
          "application_fee": null,
          "subscription": "sub_4sC78EU76j7gT6",
          "metadata": {},
          "statement_description": null,
          "description": null
        }
    http_version: 
  recorded_at: Tue, 30 Sep 2014 14:36:11 GMT
- request:
    method: get
    uri: https://api.stripe.com/v1/charges/ch_14iRjX2nHroS7mLXcZPTyKw5
    body:
      encoding: US-ASCII
      string: ''
    headers:
      Accept:
      - "*/*; q=0.5, application/xml"
      Accept-Encoding:
      - gzip, deflate
      User-Agent:
      - Stripe/v1 RubyBindings/1.14.0
      Authorization:
      - "<AUTH>"
      Content-Type:
      - application/x-www-form-urlencoded
      X-Stripe-Client-User-Agent:
      - '{"bindings_version":"1.14.0","lang":"ruby","lang_version":"2.1.1 p76 (2014-02-24)","platform":"x86_64-darwin13.0","publisher":"stripe","uname":"Darwin
        Mattiass-MacBook-Air.local 13.0.0 Darwin Kernel Version 13.0.0: Thu Sep 19
        22:22:27 PDT 2013; root:xnu-2422.1.72~6/RELEASE_X86_64 x86_64"}'
  response:
    status:
      code: 200
      message: OK
    headers:
      Server:
      - nginx
      Date:
      - Tue, 30 Sep 2014 14:36:12 GMT
      Content-Type:
      - application/json;charset=utf-8
      Content-Length:
      - '1156'
      Access-Control-Allow-Credentials:
      - 'true'
      Access-Control-Allow-Methods:
      - GET, POST, HEAD, OPTIONS, DELETE
      Access-Control-Max-Age:
      - '300'
      Cache-Control:
      - no-cache, no-store
      Stripe-Version:
      - '2014-03-13'
      Strict-Transport-Security:
      - max-age=31556926; includeSubDomains
    body:
      encoding: UTF-8
      string: |
        {
          "id": "ch_14iRjX2nHroS7mLXcZPTyKw5",
          "object": "charge",
          "created": 1412087767,
          "livemode": false,
          "paid": true,
          "amount": 1360,
          "currency": "usd",
          "refunded": false,
          "card": {
            "id": "card_14iRjS2nHroS7mLXs45SQVXF",
            "object": "card",
            "last4": "4242",
            "brand": "Visa",
            "funding": "credit",
            "exp_month": 12,
            "exp_year": 2030,
            "fingerprint": "0K7oMWAQAFG7TEob",
            "country": "US",
            "name": null,
            "address_line1": null,
            "address_line2": null,
            "address_city": null,
            "address_state": null,
            "address_zip": null,
            "address_country": null,
            "cvc_check": "pass",
            "address_line1_check": null,
            "address_zip_check": null,
            "customer": "cus_4sC7BDs1GP3SHR",
            "type": "Visa"
          },
          "captured": true,
          "refunds": [],
          "balance_transaction": "txn_14iRjX2nHroS7mLXTL1yExsw",
          "failure_message": null,
          "failure_code": null,
          "amount_refunded": 0,
          "customer": "cus_4sC7BDs1GP3SHR",
          "invoice": "in_14iRjX2nHroS7mLXcixSEqqC",
          "description": null,
          "dispute": null,
          "metadata": {},
          "statement_description": null,
          "receipt_email": null,
          "receipt_number": null
        }
    http_version: 
  recorded_at: Tue, 30 Sep 2014 14:36:12 GMT
- request:
    method: get
    uri: https://api.stripe.com/v1/customers/cus_4sC7BDs1GP3SHR
    body:
      encoding: US-ASCII
      string: ''
    headers:
      Accept:
      - "*/*; q=0.5, application/xml"
      Accept-Encoding:
      - gzip, deflate
      User-Agent:
      - Stripe/v1 RubyBindings/1.14.0
      Authorization:
      - "<AUTH>"
      Content-Type:
      - application/x-www-form-urlencoded
      X-Stripe-Client-User-Agent:
      - '{"bindings_version":"1.14.0","lang":"ruby","lang_version":"2.1.1 p76 (2014-02-24)","platform":"x86_64-darwin13.0","publisher":"stripe","uname":"Darwin
        Mattiass-MacBook-Air.local 13.0.0 Darwin Kernel Version 13.0.0: Thu Sep 19
        22:22:27 PDT 2013; root:xnu-2422.1.72~6/RELEASE_X86_64 x86_64"}'
  response:
    status:
      code: 200
      message: OK
    headers:
      Server:
      - nginx
      Date:
      - Tue, 30 Sep 2014 14:36:13 GMT
      Content-Type:
      - application/json;charset=utf-8
      Content-Length:
      - '3064'
      Access-Control-Allow-Credentials:
      - 'true'
      Access-Control-Allow-Methods:
      - GET, POST, HEAD, OPTIONS, DELETE
      Access-Control-Max-Age:
      - '300'
      Cache-Control:
      - no-cache, no-store
      Stripe-Version:
      - '2014-03-13'
      Strict-Transport-Security:
      - max-age=31556926; includeSubDomains
    body:
      encoding: UTF-8
      string: |
        {
          "object": "customer",
          "created": 1412087762,
          "id": "cus_4sC7BDs1GP3SHR",
          "livemode": false,
          "description": null,
          "email": null,
          "delinquent": false,
          "metadata": {
            "country_code": "NL",
            "vat_registered": "false",
            "name": "John Doe",
            "vat_number": "NL1234",
            "address": "Doestreet"
          },
          "subscriptions": {
            "object": "list",
            "total_count": 1,
            "has_more": false,
            "url": "/v1/customers/cus_4sC7BDs1GP3SHR/subscriptions",
            "data": [
              {
                "id": "sub_4sC78EU76j7gT6",
                "plan": {
                  "interval": "month",
                  "name": "Test Plan",
                  "created": 1406556583,
                  "amount": 1499,
                  "currency": "usd",
                  "id": "test",
                  "object": "plan",
                  "livemode": false,
                  "interval_count": 1,
                  "trial_period_days": null,
                  "metadata": {},
                  "statement_description": null
                },
                "object": "subscription",
                "start": 1412087767,
                "status": "active",
                "customer": "cus_4sC7BDs1GP3SHR",
                "cancel_at_period_end": false,
                "current_period_start": 1412087767,
                "current_period_end": 1414679767,
                "ended_at": null,
                "trial_start": null,
                "trial_end": null,
                "canceled_at": null,
                "quantity": 1,
                "application_fee_percent": null,
                "discount": {
                  "coupon": {
                    "id": "25OFF",
                    "created": 1410521489,
                    "percent_off": 25,
                    "amount_off": null,
                    "currency": null,
                    "object": "coupon",
                    "livemode": false,
                    "duration": "repeating",
                    "redeem_by": null,
                    "max_redemptions": null,
                    "times_redeemed": 73,
                    "duration_in_months": 3,
                    "valid": true,
                    "metadata": {}
                  },
                  "start": 1412087767,
                  "object": "discount",
                  "customer": "cus_4sC7BDs1GP3SHR",
                  "subscription": "sub_4sC78EU76j7gT6",
                  "end": 1419950167
                },
                "metadata": {}
              }
            ],
            "count": 1
          },
          "discount": null,
          "account_balance": 0,
          "currency": "usd",
          "cards": {
            "object": "list",
            "total_count": 1,
            "has_more": false,
            "url": "/v1/customers/cus_4sC7BDs1GP3SHR/cards",
            "data": [
              {
                "id": "card_14iRjS2nHroS7mLXs45SQVXF",
                "object": "card",
                "last4": "4242",
                "brand": "Visa",
                "funding": "credit",
                "exp_month": 12,
                "exp_year": 2030,
                "fingerprint": "0K7oMWAQAFG7TEob",
                "country": "US",
                "name": null,
                "address_line1": null,
                "address_line2": null,
                "address_city": null,
                "address_state": null,
                "address_zip": null,
                "address_country": null,
                "cvc_check": "pass",
                "address_line1_check": null,
                "address_zip_check": null,
                "customer": "cus_4sC7BDs1GP3SHR",
                "type": "Visa"
              }
            ],
            "count": 1
          },
          "default_card": "card_14iRjS2nHroS7mLXs45SQVXF"
        }
    http_version: 
  recorded_at: Tue, 30 Sep 2014 14:36:12 GMT
- request:
    method: get
    uri: https://api.stripe.com/v1/charges/ch_14iRjX2nHroS7mLXcZPTyKw5
    body:
      encoding: US-ASCII
      string: ''
    headers:
      Accept:
      - "*/*; q=0.5, application/xml"
      Accept-Encoding:
      - gzip, deflate
      User-Agent:
      - Stripe/v1 RubyBindings/1.14.0
      Authorization:
      - "<AUTH>"
      Content-Type:
      - application/x-www-form-urlencoded
      X-Stripe-Client-User-Agent:
      - '{"bindings_version":"1.14.0","lang":"ruby","lang_version":"2.1.1 p76 (2014-02-24)","platform":"x86_64-darwin13.0","publisher":"stripe","uname":"Darwin
        Mattiass-MacBook-Air.local 13.0.0 Darwin Kernel Version 13.0.0: Thu Sep 19
        22:22:27 PDT 2013; root:xnu-2422.1.72~6/RELEASE_X86_64 x86_64"}'
  response:
    status:
      code: 200
      message: OK
    headers:
      Server:
      - nginx
      Date:
      - Mon, 15 Dec 2014 14:07:15 GMT
      Content-Type:
      - application/json;charset=utf-8
      Content-Length:
      - '1226'
      Connection:
      - keep-alive
      Access-Control-Allow-Credentials:
      - 'true'
      Access-Control-Allow-Methods:
      - GET, POST, HEAD, OPTIONS, DELETE
      Access-Control-Max-Age:
      - '300'
      Cache-Control:
      - no-cache, no-store
      Request-Id:
      - req_guz0QKZO5ircZPDH
      Stripe-Version:
      - '2014-03-13'
      Strict-Transport-Security:
      - max-age=31556926; includeSubDomains
    body:
      encoding: UTF-8
      string: |
        {
          "id": "ch_14iRjX2nHroS7mLXcZPTyKw5",
          "object": "charge",
          "created": 1412087767,
          "livemode": false,
          "paid": true,
          "amount": 1360,
          "currency": "usd",
          "refunded": false,
          "captured": true,
          "card": {
            "id": "card_14iRjS2nHroS7mLXs45SQVXF",
            "object": "card",
            "last4": "4242",
            "brand": "Visa",
            "funding": "credit",
            "exp_month": 12,
            "exp_year": 2030,
            "fingerprint": "0K7oMWAQAFG7TEob",
            "country": "US",
            "name": null,
            "address_line1": null,
            "address_line2": null,
            "address_city": null,
            "address_state": null,
            "address_zip": null,
            "address_country": null,
            "cvc_check": "pass",
            "address_line1_check": null,
            "address_zip_check": null,
            "dynamic_last4": null,
            "customer": "cus_4sC7BDs1GP3SHR",
            "type": "Visa"
          },
          "balance_transaction": "txn_14iRjX2nHroS7mLXTL1yExsw",
          "failure_message": null,
          "failure_code": null,
          "amount_refunded": 0,
          "customer": "cus_4sC7BDs1GP3SHR",
          "invoice": "in_14iRjX2nHroS7mLXcixSEqqC",
          "description": null,
          "dispute": null,
          "metadata": {},
          "statement_description": null,
          "fraud_details": {},
          "receipt_email": null,
          "receipt_number": null,
          "shipping": null,
          "refunds": []
        }
    http_version: 
  recorded_at: Mon, 15 Dec 2014 14:07:15 GMT
recorded_with: VCR 2.9.2
